INFO 2025-11-11 19:39:09,468 autoreload 5380 18692 Watching for file changes with StatReloader
INFO 2025-11-11 19:41:30,166 autoreload 5380 18692 C:\Users\ASUS\OneDrive\Desktop\capstone\Inventory-and-Sales-Management-System-for-Reals-Food-Products\projectsite\projectsite\settings.py changed, reloading.
INFO 2025-11-11 19:42:04,806 autoreload 18288 16508 Watching for file changes with StatReloader
INFO 2025-11-11 19:42:18,886 basehttp 18288 16476 - Broken pipe from ('127.0.0.1', 55785)
INFO 2025-11-11 19:42:25,931 basehttp 18288 2680 "GET / HTTP/1.1" 200 48392
WARNING 2025-11-11 19:42:26,097 basehttp 18288 2680 "GET /static/js/ready.js HTTP/1.1" 404 1792
INFO 2025-11-11 19:42:29,454 basehttp 18288 18896 "GET /api/revenue-change/?year=2025&month=11 HTTP/1.1" 200 70
INFO 2025-11-11 19:42:29,535 basehttp 18288 14668 "GET /api/check-account-status/ HTTP/1.1" 200 62
INFO 2025-11-11 19:42:30,242 basehttp 18288 7908 "GET /api/sales-vs-expenses/ HTTP/1.1" 200 2849
INFO 2025-11-11 19:42:31,344 basehttp 18288 14668 "GET /api/check-account-status/ HTTP/1.1" 200 62
INFO 2025-11-11 19:42:33,954 basehttp 18288 14668 "GET /api/check-account-status/ HTTP/1.1" 200 62
INFO 2025-11-11 19:42:34,566 basehttp 18288 8072 "GET /api/best-sellers/?year=2025&month=11 HTTP/1.1" 200 250
INFO 2025-11-11 19:42:35,816 basehttp 18288 18896 "GET /products/ HTTP/1.1" 200 132189
WARNING 2025-11-11 19:42:35,891 basehttp 18288 18896 "GET /static/js/ready.js HTTP/1.1" 404 1792
INFO 2025-11-11 19:42:36,895 basehttp 18288 8072 "GET /api/check-account-status/ HTTP/1.1" 200 62
INFO 2025-11-11 19:42:38,650 basehttp 18288 8072 "GET /api/check-account-status/ HTTP/1.1" 200 62
WARNING 2025-11-11 19:42:39,228 log 18288 10720 Not Found: /ws/scan/
WARNING 2025-11-11 19:42:39,229 basehttp 18288 10720 "GET /ws/scan/ HTTP/1.1" 404 29212
INFO 2025-11-11 19:42:40,699 basehttp 18288 8072 "GET /api/check-account-status/ HTTP/1.1" 200 62
INFO 2025-11-11 19:42:43,962 basehttp 18288 8072 "GET /api/check-account-status/ HTTP/1.1" 200 62
WARNING 2025-11-11 19:42:46,238 log 18288 4412 Not Found: /ws/scan/
WARNING 2025-11-11 19:42:46,239 basehttp 18288 4412 "GET /ws/scan/ HTTP/1.1" 404 29212
INFO 2025-11-11 19:42:46,917 basehttp 18288 8072 "GET /api/check-account-status/ HTTP/1.1" 200 62
INFO 2025-11-11 19:42:49,919 basehttp 18288 8072 "GET /api/check-account-status/ HTTP/1.1" 200 62
INFO 2025-11-11 19:42:52,912 basehttp 18288 8072 "GET /api/check-account-status/ HTTP/1.1" 200 62
INFO 2025-11-11 19:42:55,912 basehttp 18288 8072 "GET /api/check-account-status/ HTTP/1.1" 200 62
INFO 2025-11-11 19:42:58,932 basehttp 18288 8072 "GET /api/check-account-status/ HTTP/1.1" 200 62
INFO 2025-11-11 19:43:01,939 basehttp 18288 8072 "GET /api/check-account-status/ HTTP/1.1" 200 62
INFO 2025-11-11 19:43:04,921 basehttp 18288 8072 "GET /api/check-account-status/ HTTP/1.1" 200 62
INFO 2025-11-11 19:43:07,919 basehttp 18288 8072 "GET /api/check-account-status/ HTTP/1.1" 200 62
INFO 2025-11-11 19:43:10,920 basehttp 18288 8072 "GET /api/check-account-status/ HTTP/1.1" 200 62
INFO 2025-11-11 19:43:17,120 autoreload 6812 18280 Watching for file changes with StatReloader
INFO 2025-11-11 19:43:22,912 basehttp 6812 12656 "GET /api/check-account-status/ HTTP/1.1" 200 62
INFO 2025-11-11 19:43:24,613 basehttp 6812 12656 "GET /api/check-account-status/ HTTP/1.1" 200 62
INFO 2025-11-11 19:43:26,322 basehttp 6812 12656 "GET /api/check-account-status/ HTTP/1.1" 200 62
INFO 2025-11-11 19:43:28,928 basehttp 6812 12656 "GET /api/check-account-status/ HTTP/1.1" 200 62
INFO 2025-11-11 19:43:34,885 basehttp 6812 12656 "GET /api/check-account-status/ HTTP/1.1" 200 62
INFO 2025-11-11 19:43:36,583 basehttp 6812 12656 "GET /api/check-account-status/ HTTP/1.1" 200 62
INFO 2025-11-11 19:43:38,284 basehttp 6812 12656 "GET /api/check-account-status/ HTTP/1.1" 200 62
INFO 2025-11-11 19:43:40,926 basehttp 6812 12656 "GET /api/check-account-status/ HTTP/1.1" 200 62
INFO 2025-11-11 19:44:39,922 basehttp 6812 12656 "GET /api/check-account-status/ HTTP/1.1" 200 62
INFO 2025-11-11 19:50:28,879 autoreload 20812 7988 Watching for file changes with StatReloader
INFO 2025-11-11 19:50:47,453 basehttp 20812 20656 "GET / HTTP/1.1" 200 48392
WARNING 2025-11-11 19:50:47,863 basehttp 20812 20656 "GET /static/js/ready.js HTTP/1.1" 404 1792
INFO 2025-11-11 19:50:51,199 basehttp 20812 21316 "GET /api/check-account-status/ HTTP/1.1" 200 62
INFO 2025-11-11 19:50:51,243 basehttp 20812 21392 "GET /api/revenue-change/?year=2025&month=11 HTTP/1.1" 200 70
INFO 2025-11-11 19:50:51,975 basehttp 20812 21328 "GET /api/sales-vs-expenses/ HTTP/1.1" 200 2849
INFO 2025-11-11 19:50:52,971 basehttp 20812 21316 "GET /api/check-account-status/ HTTP/1.1" 200 62
INFO 2025-11-11 19:50:55,983 basehttp 20812 21316 "GET /api/check-account-status/ HTTP/1.1" 200 62
INFO 2025-11-11 19:50:56,619 basehttp 20812 21332 "GET /api/best-sellers/?year=2025&month=11 HTTP/1.1" 200 250
INFO 2025-11-11 19:50:59,001 basehttp 20812 21332 "GET /api/check-account-status/ HTTP/1.1" 200 62
INFO 2025-11-11 19:51:02,009 basehttp 20812 21332 "GET /api/check-account-status/ HTTP/1.1" 200 62
INFO 2025-11-11 19:51:05,006 basehttp 20812 21332 "GET /api/check-account-status/ HTTP/1.1" 200 62
INFO 2025-11-11 19:51:08,012 basehttp 20812 21332 "GET /api/check-account-status/ HTTP/1.1" 200 62
INFO 2025-11-11 19:51:11,022 basehttp 20812 21332 "GET /api/check-account-status/ HTTP/1.1" 200 62
INFO 2025-11-11 19:51:14,029 basehttp 20812 21332 "GET /api/check-account-status/ HTTP/1.1" 200 62
INFO 2025-11-11 19:51:16,996 basehttp 20812 21332 "GET /api/check-account-status/ HTTP/1.1" 200 62
INFO 2025-11-11 19:51:21,479 basehttp 20812 18024 "GET /api/check-account-status/ HTTP/1.1" 200 62
INFO 2025-11-11 19:51:23,203 basehttp 20812 18024 "GET /api/check-account-status/ HTTP/1.1" 200 62
INFO 2025-11-11 19:51:25,944 basehttp 20812 18024 "GET /api/check-account-status/ HTTP/1.1" 200 62
INFO 2025-11-11 19:51:28,952 basehttp 20812 18024 "GET /api/check-account-status/ HTTP/1.1" 200 62
INFO 2025-11-11 19:51:31,944 basehttp 20812 18024 "GET /api/check-account-status/ HTTP/1.1" 200 62
INFO 2025-11-11 19:51:34,932 basehttp 20812 18024 "GET /api/check-account-status/ HTTP/1.1" 200 62
INFO 2025-11-11 19:51:37,937 basehttp 20812 18024 "GET /api/check-account-status/ HTTP/1.1" 200 62
INFO 2025-11-11 19:51:40,938 basehttp 20812 18024 "GET /api/check-account-status/ HTTP/1.1" 200 62
INFO 2025-11-11 19:51:43,936 basehttp 20812 18024 "GET /api/check-account-status/ HTTP/1.1" 200 62
INFO 2025-11-11 19:51:46,950 basehttp 20812 18024 "GET /api/check-account-status/ HTTP/1.1" 200 62
INFO 2025-11-11 19:52:41,688 basehttp 20812 15468 "GET /api/check-account-status/ HTTP/1.1" 200 62
INFO 2025-11-11 19:53:39,946 basehttp 20812 15468 "GET /api/check-account-status/ HTTP/1.1" 200 62
INFO 2025-11-11 19:54:39,956 basehttp 20812 15468 "GET /api/check-account-status/ HTTP/1.1" 200 62
INFO 2025-11-11 19:55:15,937 basehttp 20812 15468 "GET /api/check-account-status/ HTTP/1.1" 200 62
INFO 2025-11-11 19:55:17,686 basehttp 20812 15468 "GET /api/check-account-status/ HTTP/1.1" 200 62
INFO 2025-11-11 19:55:19,652 basehttp 20812 15468 "GET /api/check-account-status/ HTTP/1.1" 200 62
INFO 2025-11-11 19:55:22,662 basehttp 20812 15468 "GET /api/check-account-status/ HTTP/1.1" 200 62
INFO 2025-11-11 19:55:25,648 basehttp 20812 15468 "GET /api/check-account-status/ HTTP/1.1" 200 62
INFO 2025-11-11 19:55:27,311 basehttp 20812 13888 "GET /historylog/ HTTP/1.1" 200 61631
WARNING 2025-11-11 19:55:27,392 basehttp 20812 13888 "GET /static/js/ready.js HTTP/1.1" 404 1792
INFO 2025-11-11 19:55:28,676 basehttp 20812 15468 "GET /api/check-account-status/ HTTP/1.1" 200 62
INFO 2025-11-11 19:55:30,412 basehttp 20812 15468 "GET /api/check-account-status/ HTTP/1.1" 200 62
INFO 2025-11-11 19:55:32,220 basehttp 20812 15468 "GET /api/check-account-status/ HTTP/1.1" 200 62
INFO 2025-11-11 19:55:35,229 basehttp 20812 15468 "GET /api/check-account-status/ HTTP/1.1" 200 62
INFO 2025-11-11 19:55:38,950 basehttp 20812 15468 "GET /api/check-account-status/ HTTP/1.1" 200 62
INFO 2025-11-11 19:55:41,941 basehttp 20812 15468 "GET /api/check-account-status/ HTTP/1.1" 200 62
INFO 2025-11-11 19:55:44,942 basehttp 20812 15468 "GET /api/check-account-status/ HTTP/1.1" 200 62
INFO 2025-11-11 19:55:47,961 basehttp 20812 15468 "GET /api/check-account-status/ HTTP/1.1" 200 62
INFO 2025-11-11 19:55:50,933 basehttp 20812 14560 "GET /historylog/?page=3 HTTP/1.1" 200 62168
INFO 2025-11-11 19:55:53,803 basehttp 20812 15576 "GET /api/check-account-status/ HTTP/1.1" 200 62
INFO 2025-11-11 19:55:55,681 basehttp 20812 15576 "GET /api/check-account-status/ HTTP/1.1" 200 62
INFO 2025-11-11 19:55:58,086 basehttp 20812 15576 "GET /api/check-account-status/ HTTP/1.1" 200 62
INFO 2025-11-11 19:56:00,023 basehttp 20812 15576 "GET /api/check-account-status/ HTTP/1.1" 200 62
INFO 2025-11-11 19:56:02,963 basehttp 20812 15576 "GET /api/check-account-status/ HTTP/1.1" 200 62
INFO 2025-11-11 19:56:06,046 basehttp 20812 15576 "GET /api/check-account-status/ HTTP/1.1" 200 62
INFO 2025-11-11 19:56:08,962 basehttp 20812 15576 "GET /api/check-account-status/ HTTP/1.1" 200 62
INFO 2025-11-11 19:56:11,984 basehttp 20812 15576 "GET /api/check-account-status/ HTTP/1.1" 200 62
INFO 2025-11-11 19:56:14,991 basehttp 20812 15576 "GET /api/check-account-status/ HTTP/1.1" 200 62
INFO 2025-11-11 19:56:17,957 basehttp 20812 15576 "GET /api/check-account-status/ HTTP/1.1" 200 62
INFO 2025-11-11 19:56:22,533 basehttp 20812 20032 "GET /api/check-account-status/ HTTP/1.1" 200 62
INFO 2025-11-11 19:56:24,260 basehttp 20812 20032 "GET /api/check-account-status/ HTTP/1.1" 200 62
INFO 2025-11-11 19:56:26,936 basehttp 20812 20032 "GET /api/check-account-status/ HTTP/1.1" 200 62
INFO 2025-11-11 19:56:29,943 basehttp 20812 20032 "GET /api/check-account-status/ HTTP/1.1" 200 62
INFO 2025-11-11 19:56:32,938 basehttp 20812 20032 "GET /api/check-account-status/ HTTP/1.1" 200 62
INFO 2025-11-11 19:56:39,934 basehttp 20812 20032 "GET /api/check-account-status/ HTTP/1.1" 200 62
INFO 2025-11-11 19:57:41,626 basehttp 20812 16836 "GET /api/check-account-status/ HTTP/1.1" 200 62
INFO 2025-11-11 19:58:40,053 basehttp 20812 16836 "GET /api/check-account-status/ HTTP/1.1" 200 62
INFO 2025-11-11 19:59:40,062 basehttp 20812 16836 "GET /api/check-account-status/ HTTP/1.1" 200 62
INFO 2025-11-11 20:00:41,538 basehttp 20812 7256 "GET /api/check-account-status/ HTTP/1.1" 200 62
INFO 2025-11-11 20:01:41,816 basehttp 20812 21308 "GET /api/check-account-status/ HTTP/1.1" 200 62
INFO 2025-11-11 22:02:08,952 autoreload 15412 16632 Watching for file changes with StatReloader
INFO 2025-11-11 22:02:56,686 basehttp 15412 11960 "GET /prodbatch/ HTTP/1.1" 200 104363
INFO 2025-11-11 22:02:57,028 basehttp 15412 11960 "GET /static/css/base.css HTTP/1.1" 304 0
WARNING 2025-11-11 22:02:57,326 basehttp 15412 11960 "GET /static/js/ready.js HTTP/1.1" 404 1792
INFO 2025-11-11 22:03:00,955 basehttp 15412 6996 "GET /api/check-account-status/ HTTP/1.1" 200 62
INFO 2025-11-11 22:03:03,099 basehttp 15412 6996 "GET /api/check-account-status/ HTTP/1.1" 200 62
INFO 2025-11-11 22:03:06,131 basehttp 15412 6996 "GET /api/check-account-status/ HTTP/1.1" 200 62
INFO 2025-11-11 22:03:09,133 basehttp 15412 6996 "GET /api/check-account-status/ HTTP/1.1" 200 62
INFO 2025-11-11 22:03:12,061 basehttp 15412 6996 "GET /api/check-account-status/ HTTP/1.1" 200 62
INFO 2025-11-11 22:03:15,075 basehttp 15412 6996 "GET /api/check-account-status/ HTTP/1.1" 200 62
INFO 2025-11-11 22:03:18,081 basehttp 15412 6996 "GET /api/check-account-status/ HTTP/1.1" 200 62
INFO 2025-11-11 22:03:20,394 basehttp 15412 6996 "GET /api/check-account-status/ HTTP/1.1" 200 62
INFO 2025-11-11 22:03:27,157 basehttp 15412 6172 "GET /api/check-account-status/ HTTP/1.1" 200 62
INFO 2025-11-11 22:03:28,998 basehttp 15412 6172 "GET /api/check-account-status/ HTTP/1.1" 200 62
INFO 2025-11-11 22:03:30,833 basehttp 15412 6172 "GET /api/check-account-status/ HTTP/1.1" 200 62
INFO 2025-11-11 22:03:33,281 autoreload 15412 16632 C:\Users\ASUS\OneDrive\Desktop\capstone\Inventory-and-Sales-Management-System-for-Reals-Food-Products\projectsite\projectsite\settings.py changed, reloading.
INFO 2025-11-11 22:03:34,578 autoreload 18296 8488 Watching for file changes with StatReloader
INFO 2025-11-11 22:04:02,623 autoreload 18296 8488 C:\Users\ASUS\OneDrive\Desktop\capstone\Inventory-and-Sales-Management-System-for-Reals-Food-Products\projectsite\projectsite\settings.py changed, reloading.
